---------------------------------------------------------------------------------------------------------------------------------------------
      name:  <unnamed>
       log:  C:\Users\ebr\Dropbox\WageInequality\Analyse/log/eb08_test_dfl_vs_resid.log
  log type:  text
 opened on:  14 Jun 2023, 15:51:18

. 
end of do-file

. do "C:\Users\ebr\AppData\Local\Temp\STD316c_000000.tmp"

. dfl_pct demo_detail
DFL-weighted percentiles for demo_detail
(0 observations deleted)
(5,446,600 missing values generated)
(259,396 real changes made)
(0 observations deleted)
variable n_persnr not found
r(111);

end of do-file

r(111);

. sum n_persnr
variable n_persnr not found
r(111);

. do "C:\Users\ebr\AppData\Local\Temp\STD316c_000000.tmp"

. //Bet and Persnr for the collapse counters
. gsort bnn 

. by bnn: gen n_betr = _n==_N

. gsort persnr 

. by persnr: gen n_persnr = _n==_N

. 
. dfl_pct demo_detail
DFL-weighted percentiles for demo_detail
(0 observations deleted)
(5,446,600 missing values generated)
(259,396 real changes made)
(0 observations deleted)

. matrix list m_p_dfl_demo_detail

m_p_dfl_demo_detail[46,9]
          east       year        p15        p50        p85         sd      sd_mw   n_persnr     n_betr
 r1          0       1995  2546.3743  3412.7668  5176.2368  .37459069  1481.9924      32057          2
 r2          0       1996   2517.863  3393.0635  5156.3101  .37836206  1477.8165      23492          3
 r3          0       1997  2478.1392  3341.4529  5115.6411  .39017016   1507.231      20012          1
 r4          0       1998  2454.3103  3348.7197  5166.2031  .40514827  1570.8903      18222          0
 r5          0       1999  2458.2986  3384.0293  5233.4404  .41579914  1629.9412      17108          3
 r6          0       2000  2429.8193  3375.9402  5239.8979  .41994345  1651.2676      16856          1
 r7          0       2001  2413.6331  3365.3708  5245.6626   .4243606  1667.8724      15830          2
 r8          0       2002  2404.7107  3376.1897  5258.6255   .4312751   1709.011      14776          2
 r9          0       2003  2386.6135  3369.3643  5287.2666  .43784338  1733.0824      13534          1
r10          0       2004  2306.9475  3330.9534  5224.9604  .44983557  1756.5017      12783          2
r11          0       2005  2266.8267  3295.4512  5214.6909   .4569416  1773.6084      12441          1
r12          0       2006  2190.3713  3255.0256  5193.2983  .46927574  1811.9768      12295          5
r13          0       2007  2130.6709  3230.3726  5189.2163  .47644168  1828.7961      13061          3
r14          0       2008   2102.251  3195.9058  5147.0908  .47826546  1817.4908      13721          3
r15          0       2009  2123.2751  3184.9126  5121.0693   .4730067    1800.97      13358          5
r16          0       2010  2085.4805  3194.7202  5141.9438  .48098961  1836.5453      13438          2
r17          0       2011   2079.792  3177.3557  5128.9971  .47114149  1807.3832      14938          4
r18          0       2012  2100.3662   3182.373  5135.2373  .45635822  1756.3125      15687          7
r19          0       2013  2126.8735  3193.8628    5135.23  .44978014  1741.1429      16275          6
r20          0       2014  2157.9998   3256.311  5216.9614   .4477165  1755.7145      17751          5
r21          0       2015  2172.6001  3280.6191   5273.519  .44128618  1753.9701      19734          7
r22          0       2016  2194.3877  3318.8059  5333.5825  .43813375  1760.3634      22974          7
r23          0       2017  2250.0002  3359.9995  5370.0015  .43380308  1761.1809      29636          6
r24          1       1995  1739.4167  2389.1948  3663.4321  .37762564  1100.2004       8856          0
r25          1       1996  1733.4816  2397.3901  3694.3909  .38352537  1113.1536       6526          1
r26          1       1997  1709.2932  2374.9038   3690.519  .39429739  1131.2804       5313          0
r27          1       1998  1683.8864  2361.4648  3730.6511  .41044313  1189.0593       4673          0
r28          1       1999  1677.9294  2362.1316  3824.1174   .4205589  1242.7542       4216          1
r29          1       2000  1676.6929  2362.6123  3856.4963  .42483675  1258.9802       3836          0
r30          1       2001  1668.3875  2379.7837  3922.5679  .43439844  1289.0546       3438          0
r31          1       2002  1660.3225  2395.6792  4005.2773  .44079548  1324.1389       3152          0
r32          1       2003  1671.6453  2379.5286  4050.6899  .45044196  1360.1736       2937          0
r33          1       2004  1610.5911  2342.6777  3990.7126  .46284157  1375.4557       2865          0
r34          1       2005  1586.0287  2335.0315  4001.1182  .47013286   1391.613       2649          0
r35          1       2006  1525.7126  2295.4871  3950.7358  .48502252  1422.9744       2558          0
r36          1       2007  1506.1442  2270.9011  3936.5139  .49054658  1438.2572       2626          1
r37          1       2008  1496.5522  2248.5308  3926.5388  .49152458  1435.4679       2873          0
r38          1       2009  1516.5244  2275.1692  3995.4116  .49736932  1473.4661       2791          1
r39          1       2010  1499.8428  2265.7869  4070.1096  .50463939  1502.8124       3076          0
r40          1       2011  1524.7504  2270.9043  4016.9082  .48535213  1458.3362       3158          3
r41          1       2012  1552.8732  2290.8682  4016.6821  .47009119  1422.0441       3158          0
r42          1       2013  1591.9321  2312.6846  4029.6157  .46168783   1404.693       3477          1
r43          1       2014  1612.6493  2380.8735  4112.4175  .45751494  1426.7592       3740          2
r44          1       2015    1684.65  2419.7695  4196.3101   .4340983  1403.8804       4120          1
r45          1       2016  1733.7734   2468.686  4236.3872  .43023354  1413.9777       4741          2
r46          1       2017  1770.0001       2550       4320  .42206749  1416.5685       5823          1

. 
. resid_sd i.demo_detail, tag(demo)
Computing wage residuals

. matrix list m_sd_demo

m_sd_demo[46,6]
          east       year         sd   resid_sd   n_persnr     n_betr
 r1          0       1995  .37459069   .3168647      32057          2
 r2          0       1996  .37674922  .32196689      23492          3
 r3          0       1997  .38867724  .33075419      20012          1
 r4          0       1998  .40592697  .34218043      18222          0
 r5          0       1999  .41838136  .35347801      17108          3
 r6          0       2000  .42358467  .35818067      16856          1
 r7          0       2001  .42956248  .36246148      15830          2
 r8          0       2002  .43770722  .36900729      14776          2
 r9          0       2003  .44506294  .37527809      13534          1
r10          0       2004  .45830798  .38558477      12783          2
r11          0       2005  .46743152  .39288974      12441          1
r12          0       2006  .48102283  .40438998      12295          5
r13          0       2007  .49025822  .41267759      13061          3
r14          0       2008  .49420285  .41723195      13721          3
r15          0       2009  .49010637  .41237405      13358          5
r16          0       2010  .49951228  .42031312      13438          2
r17          0       2011  .49311179  .41259435      14938          4
r18          0       2012  .47940484  .40091157      15687          7
r19          0       2013  .47436199  .39666677      16275          6
r20          0       2014    .473234  .39590394      17751          5
r21          0       2015  .46800849  .39157411      19734          7
r22          0       2016  .46582338  .39016497      22974          7
r23          0       2017  .46190178  .38744047      29636          6
r24          1       1995  .37762564  .33263707       8856          0
r25          1       1996  .38372156  .33888224       6526          1
r26          1       1997  .39453503  .34738562       5313          0
r27          1       1998  .41285795  .36000445       4673          0
r28          1       1999  .42328572  .36768776       4216          1
r29          1       2000  .42854729  .37134579       3836          0
r30          1       2001   .4379968   .3782813       3438          0
r31          1       2002  .44453692  .38455793       3152          0
r32          1       2003  .45500681  .39330247       2937          0
r33          1       2004  .46739918  .40525764       2865          0
r34          1       2005  .47433186   .4116278       2649          0
r35          1       2006  .48979613  .42476565       2558          0
r36          1       2007  .49562699  .42885298       2626          1
r37          1       2008  .49776405   .4315826       2873          0
r38          1       2009  .50472158  .43867835       2791          1
r39          1       2010  .51090127  .44165114       3076          0
r40          1       2011  .49360412   .4215636       3158          3
r41          1       2012  .47825086  .40770975       3158          0
r42          1       2013  .47105977  .40241811       3477          1
r43          1       2014  .46752748  .40132871       3740          2
r44          1       2015  .44513723  .38126454       4120          1
r45          1       2016  .44252366  .37931272       4741          2
r46          1       2017  .43601736  .37357861       5823          1

. 
end of do-file

. cag log close
command cag is unrecognized
r(199);

. cap log close
